[www.lemonsoftware.com.br/lemon/03/assets/images/favicon/favicon.png]
[backblue.gif]
[fade.gif]
[index.html]
[www.lemonsoftware.com.br/css5989]
[www.lemonsoftware.com.br/lemon/03/assets/images/page-titles/4.jpg]
[www.lemonsoftware.com.br/lemon/03/assets/images/case-studies/slider/novo/1.png]
[www.lemonsoftware.com.br/lemon/03/assets/images/case-studies/slider/novo/2.png]
[www.lemonsoftware.com.br/lemon/03/assets/images/case-studies/slider/novo/3.png]
[www.lemonsoftware.com.br/lemon/03/assets/images/case-studies/slider/novo/4.png]
[www.lemonsoftware.com.br/lemon/03/assets/images/case-studies/slider/novo/5.png]
[www.lemonsoftware.com.br/lemon/03/assets/images/case-studies/slider/novo/6-2.png]
[www.lemonsoftware.com.br/lemon/03/assets/images/case-studies/slider/novo/7.png]
[www.lemonsoftware.com.br/lemon/03/assets/images/case-studies/slider/novo/8.png]
[www.lemonsoftware.com.br/lemon/03/assets/images/case-studies/slider/novo/8-2.png]
[www.lemonsoftware.com.br/lemon/03/assets/images/case-studies/slider/novo/9.png]
[www.lemonsoftware.com.br/lemon/03/assets/images/case-studies/slider/novo/10.png]
[www.lemonsoftware.com.br/lemon/03/assets/js/jquery-3.3.1.min.js]
[www.lemonsoftware.com.br/lemon/03/assets/js/plugins.js]
[www.lemonsoftware.com.br/lemon/03/assets/js/main.js]
[www.lemonsoftware.com.br/solucoes-novo.html]
[www.lemonsoftware.com.br/lemon/03/assets/fonts/fontawesome-webfont.eot]
[www.lemonsoftware.com.br/lemon/03/assets/fonts/fontawesome-webfont-1.eot]
[www.lemonsoftware.com.br/lemon/03/assets/fonts/fontawesome-webfont.woff2]
[www.lemonsoftware.com.br/lemon/03/assets/fonts/fontawesome-webfont.woff]
[www.lemonsoftware.com.br/lemon/03/assets/fonts/fontawesome-webfont.ttf]
[www.lemonsoftware.com.br/lemon/03/assets/fonts/icomoon.eot]
[www.lemonsoftware.com.br/lemon/03/assets/fonts/icomoon.ttf]
[www.lemonsoftware.com.br/lemon/03/assets/fonts/icomoon.woff]
[www.lemonsoftware.com.br/lemon/03/assets/css/libraries.css]
[www.lemonsoftware.com.br/dev-site/external/footer-background.jpg]
[www.lemonsoftware.com.br/lemon/03/assets/css/style.css]
[www.lemonsoftware.com.br/lemon/03/assets/css/header-mobile.css]
[www.lemonsoftware.com.br/font-awesome/latest/fonts/fontawesome-webfont.eot]
[www.lemonsoftware.com.br/font-awesome/latest/fonts/fontawesome-webfont-1.eot]
[www.lemonsoftware.com.br/font-awesome/latest/fonts/fontawesome-webfont.woff2]
[www.lemonsoftware.com.br/font-awesome/latest/fonts/fontawesome-webfont.woff]
[www.lemonsoftware.com.br/font-awesome/latest/fonts/fontawesome-webfont.ttf]
[www.lemonsoftware.com.br/font-awesome/latest/css/font-awesome.min.css]
[www.lemonsoftware.com.br/lemon/03/assets/images/logo/logo-fundo-branco.jpg]
[www.lemonsoftware.com.br/header.html]
[www.lemonsoftware.com.br/lemon/03/assets/fonts/icomoon-1.eot]
[www.lemonsoftware.com.br/lemon/03/assets/fonts/icomoon-1.ttf]
[www.lemonsoftware.com.br/lemon/03/assets/fonts/icomoon-1.woff]
[www.lemonsoftware.com.br/lemon/03/assets/css/librariespaginas.css]
[www.lemonsoftware.com.br/lemon/03/assets/css/stylepaginas.css]
[www.lemonsoftware.com.br/lemon/03/assets/images/logo/logo-sem-fundo.png]
[www.lemonsoftware.com.br/lemon/03/assets/images/footer/atendimento2.png]
[www.lemonsoftware.com.br/lemon/03/assets/images/icons/icon1.png]
[www.lemonsoftware.com.br/lemon/03/assets/images/icons/icon2.png]
[www.lemonsoftware.com.br/lemon/03/assets/images/icons/icon3.png]
[www.lemonsoftware.com.br/footer.html]
[www.lemonsoftware.com.br/lemon/03/assets/fonts/fontawesome-webfont.svg]
[www.lemonsoftware.com.br/lemon/03/assets/css/owl.video.play.html]
[www.lemonsoftware.com.br/lemon/03/assets/fonts/icomoon.svg]
[www.lemonsoftware.com.br/lemon/03/assets/images/testimonials/quote-icon.html]
[www.lemonsoftware.com.br/font-awesome/latest/fonts/fontawesome-webfont.svg]
[www.lemonsoftware.com.br/lemon/03/assets/images/sliders/1.jpg]
[www.lemonsoftware.com.br/klogo.png]
[www.lemonsoftware.com.br/lemon/03/assets/images/icons/icone2.png]
[www.lemonsoftware.com.br/lemon/03/assets/images/icons/icone3.png]
[www.lemonsoftware.com.br/lemon/03/assets/images/icons/icone1.png]
[www.lemonsoftware.com.br/lemon/03/assets/images/about/about2.jpg]
[www.lemonsoftware.com.br/lemon/03/assets/images/about/about1.jpg]
[www.lemonsoftware.com.br/lemon/03/assets/images/backgrounds/2.jpg]
[www.lemonsoftware.com.br/lemon/03/assets/images/icons/icone4.png]
[www.lemonsoftware.com.br/index.html]
[www.lemonsoftware.com.br/lemon/03/assets/images/page-titles/1.jpg]
[www.lemonsoftware.com.br/lemon/03/assets/images/page-titles/20.jpg]
[www.lemonsoftware.com.br/lemon/03/assets/images/clients/1.jpg]
[www.lemonsoftware.com.br/lemon/03/assets/images/clients/2.jpg]
[www.lemonsoftware.com.br/lemon/03/assets/images/clients/3.jpg]
[www.lemonsoftware.com.br/lemon/03/assets/images/clients/4.jpg]
[www.lemonsoftware.com.br/lemon/03/assets/images/clients/5.jpg]
[www.lemonsoftware.com.br/lemon/03/assets/images/clients/6.jpg]
[www.lemonsoftware.com.br/lemon/03/assets/images/backgrounds/3.jpg]
[www.lemonsoftware.com.br/lemon/03/assets/images/banners/2.jpg]
[www.lemonsoftware.com.br/sobre-nos.html]
[www.lemonsoftware.com.br/lemon/imagens/kraken-foto.jpg]
[www.lemonsoftware.com.br/lemon/03/assets/images/page-titles/13.jpg]
[www.lemonsoftware.com.br/lemon/03/assets/images/case-studies/grid/15.png]
[www.lemonsoftware.com.br/lemon/03/assets/images/case-studies/grid/16.png]
[www.lemonsoftware.com.br/lemon/03/assets/images/case-studies/grid/17.png]
[www.lemonsoftware.com.br/lemon/03/assets/images/case-studies/grid/18.png]
[www.lemonsoftware.com.br/lemon/03/assets/images/case-studies/grid/19.png]
[www.lemonsoftware.com.br/lemon/03/assets/images/case-studies/grid/20.png]
[www.lemonsoftware.com.br/lemon/03/assets/images/case-studies/grid/9.jpg]
[www.lemonsoftware.com.br/lemon/03/assets/images/case-studies/grid/2.jpg]
[www.lemonsoftware.com.br/lemon/03/assets/images/case-studies/grid/3.jpg]
[www.lemonsoftware.com.br/lemon/03/assets/images/case-studies/grid/4.jpg]
[www.lemonsoftware.com.br/lemon/03/assets/images/case-studies/grid/5.jpg]
[www.lemonsoftware.com.br/lemon/03/assets/images/case-studies/grid/6.jpg]
[www.lemonsoftware.com.br/lemon/03/assets/images/case-studies/grid/7.jpg]
[www.lemonsoftware.com.br/lemon/03/assets/images/case-studies/grid/8.jpg]
[www.lemonsoftware.com.br/lemon/03/assets/images/case-studies/grid/1.jpg]
[www.lemonsoftware.com.br/lemon/03/assets/images/case-studies/grid/21.jpg]
[www.lemonsoftware.com.br/lemon/03/assets/images/case-studies/grid/22.jpg]
[www.lemonsoftware.com.br/lemon/03/assets/images/case-studies/grid/23.jpg]
[www.lemonsoftware.com.br/lemon/03/assets/images/case-studies/grid/24.jpg]
[www.lemonsoftware.com.br/lemon/03/assets/images/case-studies/grid/25.jpg]
[www.lemonsoftware.com.br/lemon/03/assets/images/case-studies/grid/26.jpg]
[www.lemonsoftware.com.br/lemon/03/assets/images/case-studies/grid/27.jpg]
[www.lemonsoftware.com.br/lemon/03/assets/images/case-studies/grid/28.jpg]
[www.lemonsoftware.com.br/lemon/03/assets/images/case-studies/grid/29.jpg]
[www.lemonsoftware.com.br/lemon/03/assets/images/case-studies/grid/30.jpg]
[www.lemonsoftware.com.br/lemon/03/assets/images/case-studies/grid/31.jpg]
[www.lemonsoftware.com.br/lemon/03/assets/images/case-studies/grid/32.jpg]
[www.lemonsoftware.com.br/lemon/03/assets/images/case-studies/grid/33.jpg]
[www.lemonsoftware.com.br/lemon/03/assets/images/case-studies/grid/34.jpg]
[www.lemonsoftware.com.br/AVANTa664.jpg]
[www.lemonsoftware.com.br/IFDH9b6b.png]
[www.lemonsoftware.com.br/QATdad6.jpg]
[www.lemonsoftware.com.br/SA47d5.jpg]
[www.lemonsoftware.com.br/lemon/03/assets/images/case-studies/grid/Amazoni.png]
[www.lemonsoftware.com.br/SEICONbd62.png]
[www.lemonsoftware.com.br/lemon/03/assets/images/case-studies/grid/Filtrol.png]
[www.lemonsoftware.com.br/clientes.html]
[www.lemonsoftware.com.br/contato.html]
[www.lemonsoftware.com.br/lemon/03/assets/fonts/icomoon-1.svg]
[www.lemonsoftware.com.br/kraken.html]
[www.lemonsoftware.com.br/lemon/03/assets/images/solucoes/banners/1.jpg]
[www.lemonsoftware.com.br/desenvolvimento.html]
[www.lemonsoftware.com.br/lemon/03/assets/images/page-titles/19.jpg]
[www.lemonsoftware.com.br/catalogo.pdf]
[www.lemonsoftware.com.br/orcamento.html]
